main.c:188:6:readIICEEPROM_2402C	24	static
main.c:192:6:writeIICEEPROM_2402C	32	static
main.c:221:5:main	168	static
main.c:391:6:SystemClock_Config	88	static
main.c:435:13:MX_I2C1_Init	8	static
main.c:469:13:MX_I2C2_Init	8	static
main.c:503:13:MX_SPI1_Init	8	static
main.c:541:13:MX_USART6_UART_Init	8	static
main.c:572:13:MX_DMA_Init	16	static
main.c:600:13:MX_GPIO_Init	48	static
main.c:650:6:I2C1_EV_IRQHandler	8	static
main.c:820:6:HAL_GPIO_EXTI_Callback	24	static,ignoring_inline_asm
main.c:850:6:ADC_Thread	24	static
main.c:914:6:FFT_Thread	32	static
main.c:1064:6:LED_Thread	16	static
main.c:1085:6:StartTask04	16	static
main.c:1100:6:Error_Handler	4	static
