main.c:188:6:readIICEEPROM_2402C	24	static
main.c:192:6:writeIICEEPROM_2402C	32	static
main.c:221:5:main	208	static
main.c:396:6:SystemClock_Config	88	static
main.c:440:13:MX_I2C1_Init	8	static
main.c:474:13:MX_I2C2_Init	8	static
main.c:508:13:MX_SPI1_Init	8	static
main.c:546:13:MX_USART6_UART_Init	8	static
main.c:577:13:MX_DMA_Init	16	static
main.c:605:13:MX_GPIO_Init	48	static
main.c:655:6:I2C1_EV_IRQHandler	8	static
main.c:825:6:HAL_GPIO_EXTI_Callback	24	static,ignoring_inline_asm
main.c:855:6:ADC_Thread	24	static
main.c:919:6:FFT_Thread	32	static
main.c:1071:6:LED_Thread	16	static
main.c:1092:6:StartTask04	16	static
main.c:1107:6:Error_Handler	4	static
