main.c:166:9:readData	40	static
main.c:204:6:writeCMD	24	static
main.c:127:7:getValDIFFChannel	8	static
main.c:291:6:writeByteToReg	16	static
main.c:113:6:setDIFFChannel	0	static
main.c:224:6:setSEChannel	0	static
main.c:238:9:getValSEChannel	8	static
main.c:279:6:setDataRate	0	static
main.c:315:6:setPGA	0	static
main.c:327:6:send8bit	16	static
main.c:339:6:waitDRDY	16	static
main.c:150:6:scanDIFFChannels	24	static
main.c:263:6:scanSEChannels	24	static
main.c:377:9:receive8bit	24	static
main.c:405:9:readByteFromReg	24	static
main.c:362:9:readChipID	16	static
main.c:426:6:setBuffer	24	static
main.c:440:7:Statistic_mean	0	static
main.c:452:7:Statistic_max	0	static
main.c:554:6:SystemClock_Config	96	static
main.c:471:5:main	48	static
main.c:722:6:HAL_TIM_PeriodElapsedCallback	0	static
main.c:729:6:HAL_GPIO_EXTI_Callback	8	static
main.c:744:6:Error_Handler	0	static
