main.c:830:6:ADC_Thread	24	static
main.c:886:6:FFT_Thread	32	static
main.c:187:6:writeCMD	24	static
main.c:217:6:writeByteToReg	16	static
main.c:173:6:setDIFFChannel	0	static
main.c:204:6:setDataRate	0	static
main.c:241:6:setPGA	0	static
main.c:253:6:send8bit	16	static
main.c:265:6:waitDRDY	16	static
main.c:297:9:receive8bit	24	static
main.c:325:9:readByteFromReg	24	static
main.c:282:9:readChipID	16	static
main.c:346:6:setBuffer	24	static
main.c:529:6:SystemClock_Config	96	static
main.c:372:5:main	120	static
main.c:713:6:I2C1_EV_IRQHandler	8	static
main.c:800:6:HAL_GPIO_EXTI_Callback	16	static,ignoring_inline_asm
main.c:975:6:LED_Thread	0	static
main.c:992:6:Error_Handler	0	static
