11:01:35 **** Incremental Build of configuration Debug for project SPITEST-Differential-Continuous ****
make all 
arm-none-eabi-gcc "../Src/main.c" -mcpu=cortex-m4 -std=gnu11 -g3 '-D__weak=__attribute__((weak))' '-D__packed=__attribute__((__packed__))' -DUSE_HAL_DRIVER -DSTM32F407xx -c -I../Inc -I../Drivers/STM32F4xx_HAL_Driver/Inc -I../Drivers/STM32F4xx_HAL_Driver/Inc/Legacy -I../Drivers/CMSIS/Device/ST/STM32F4xx/Include -I../Drivers/CMSIS/Include -Os -ffunction-sections -fdata-sections -Wall -fstack-usage -MMD -MP -MF"Src/main.d" -MT"Src/main.o" --specs=nano.specs -mfpu=fpv4-sp-d16 -mfloat-abi=hard -mthumb -o "Src/main.o"
arm-none-eabi-gcc -o "SPITEST-Differential-Continuous.elf" @"objects.list"   -mcpu=cortex-m4 -T"../STM32F407VG_FLASH.ld" --specs=nosys.specs -Wl,-Map="SPITEST-Differential-Continuous.map" -Wl,--gc-sections -static --specs=nano.specs -mfpu=fpv4-sp-d16 -mfloat-abi=hard -mthumb -Wl,--start-group -lc -lm -Wl,--end-group
Finished building target: SPITEST-Differential-Continuous.elf
 
make --no-print-directory post-build
arm-none-eabi-objcopy.exe -O ihex "SPITEST-Differential-Continuous.elf" "SPITEST-Differential-Continuous.hex"
 
arm-none-eabi-size   SPITEST-Differential-Continuous.elf 
   text	   data	    bss	    dec	    hex	filename
   6804	     20	   1748	   8572	   217c	SPITEST-Differential-Continuous.elf
Finished building: default.size.stdout
 
arm-none-eabi-objdump -h -S  SPITEST-Differential-Continuous.elf  > "SPITEST-Differential-Continuous.list"
Finished building: SPITEST-Differential-Continuous.list
 

11:01:56 Build Finished. 0 errors, 0 warnings. (took 20s.920ms)

