09:45:34 **** Incremental Build of configuration Debug for project SPITEST ****
make all 
arm-none-eabi-gcc "../Src/main.c" -mcpu=cortex-m4 -std=gnu11 -g3 '-D__weak=__attribute__((weak))' '-D__packed=__attribute__((__packed__))' -DUSE_HAL_DRIVER -DSTM32F407xx -c -I../Inc -I../Drivers/STM32F4xx_HAL_Driver/Inc -I../Drivers/STM32F4xx_HAL_Driver/Inc/Legacy -I../Drivers/CMSIS/Device/ST/STM32F4xx/Include -I../Drivers/CMSIS/Include -Os -ffunction-sections -fdata-sections -Wall -fstack-usage -MMD -MP -MF"Src/main.d" -MT"Src/main.o" --specs=nano.specs -mfpu=fpv4-sp-d16 -mfloat-abi=hard -mthumb -o "Src/main.o"
../Src/main.c: In function 'main':
../Src/main.c:550:10: warning: unused variable 'values_DIFF_CONT' [-Wunused-variable]
    float values_DIFF_CONT [num_measure_DIFF_CONT];
          ^~~~~~~~~~~~~~~~
../Src/main.c:515:21: warning: unused variable 'sysclock' [-Wunused-variable]
   volatile uint32_t sysclock = SystemCoreClock;
                     ^~~~~~~~
arm-none-eabi-gcc -o "SPITEST.elf" @"objects.list"   -mcpu=cortex-m4 -T"../STM32F407VG_FLASH.ld" --specs=nosys.specs -Wl,-Map="SPITEST.map" -Wl,--gc-sections -static --specs=nano.specs -mfpu=fpv4-sp-d16 -mfloat-abi=hard -mthumb -Wl,--start-group -lc -lm -Wl,--end-group
Finished building target: SPITEST.elf
 
make --no-print-directory post-build
arm-none-eabi-objcopy.exe -O ihex "SPITEST.elf" "SPITEST.hex"
 
arm-none-eabi-size   SPITEST.elf 
   text	   data	    bss	    dec	    hex	filename
   6500	     20	   1736	   8256	   2040	SPITEST.elf
Finished building: default.size.stdout
 
arm-none-eabi-objdump -h -S  SPITEST.elf  > "SPITEST.list"
Finished building: SPITEST.list
 

09:46:36 Build Finished. 0 errors, 2 warnings. (took 1m:2s.65ms)

